// Jest Snapshot v1, https://goo.gl/fbAQLP

exports[`Tests in <PokedexList/> should match snapshot 1`] = `
<Fragment>
  <div
    className="container"
  >
    <div
      className="row"
    >
      <div
        className="col-xs-12 col-sm-6 col-md-4 col-lg-3 mb-4"
        key="1"
      >
        <PokeCard
          abilities={
            Array [
              "overgrow, chlorophyll",
            ]
          }
          height={70}
          id={1}
          image="https://raw.githubusercontent.com/PokeAPI/sprites/master/sprites/pokemon/1.png"
          key="1"
          loading={false}
          name="bulbasaur"
          types={
            Array [
              "grass",
              "poison",
            ]
          }
          weight={69}
        />
      </div>
    </div>
  </div>
</Fragment>
`;
